Новая игра Wordle
Загружено слов: 4137
Ответ (для отладки): ведун
Ход: женка -> -+^--
Игровая ошибка: Некорректный ввод: 15874. Слово должно состоять из 5 букв и написано на Русском языке!
Игровая ошибка: Некорректный ввод: логрпн. Слово должно состоять из 5 букв и написано на Русском языке!
Игровая ошибка: Некорректный ввод: ghfjru. Слово должно состоять из 5 букв и написано на Русском языке!
Подсказка: гарус -> ---+-
Подсказка: казан -> ----+
Подсказка: дядек -> --+^-
Подсказка – принудительная победа: ведун
Новая игра Wordle
Загружено слов: 4137
Ответ (для отладки): мясцо
Игровая ошибка: Некорректный ввод: f. Слово должно состоять из 5 букв и написано на Русском языке!
Игровая ошибка: Некорректный ввод: а. Слово должно состоять из 5 букв и написано на Русском языке!
Ход: жопка -> -----
Ход: земля -> -----
Ход: выход -> -----
Подсказка: дядек -> -+---
Игровая ошибка: Слово отсутствует в словаре: мячик
Подсказка: синто -> ----+
Подсказка: писун -> --+--
Новая игра Wordle
Загружено слов: 4137
Ответ (для отладки): выкос
Ход: земля -> -----
Подсказка: гарус -> ----+
Подсказка: оплот -> ---+-
Ход: понос -> ---++
Подсказка: взыск -> +----
Подсказка: локва -> --+--
Новая игра Wordle
Загружено слов: 4137
Ответ (для отладки): волан
Подсказка: покус -> -+---
Подсказка: казак -> ---+-
Подсказка: фильц -> --+--
Подсказка: взыск -> +----
Подсказка – принудительная победа: волан
Новая игра Wordle
Загружено слов: 4137
Ответ (для отладки): квадр
Подсказка: драйв -> --+--
Подсказка: казан -> +----
Подсказка: шанкр -> ----+
Подсказка: лайда -> ---+-
Подсказка: авран -> -+---
Подсказка – принудительная победа: квадр
Новая игра Wordle
Загружено слов: 4137
Ответ (для отладки): манси
Ход: ведро -> -----
Ход: аббат -> -----
Ход: откос -> -----
Игровая ошибка: Некорректный ввод: жока. Слово должно состоять из 5 букв и написано на Русском языке!
Ход: жопка -> -----
Ход: весло -> -----
Подсказка – принудительная победа: манси
Новая игра Wordle
Загружено слов: 4137
Ответ (для отладки): сныть
Ход: земля -> -----
Ход: мясцо -> -----
Ход: аббат -> -----
Подсказка: синус -> +----
Подсказка: пусто -> ---+-
Подсказка – принудительная победа: сныть
Новая игра Wordle
Загружено слов: 4137
Ответ (для отладки): пяток
Ход: аббат -> -----
Ход: ведро -> -----
Подсказка: метро -> --+--
Подсказка: покус -> +----
Подсказка: казак -> ----+
Подсказка – принудительная победа: пяток
Новая игра Wordle
Загружено слов: 4137
Ответ (для отладки): пульс
Подсказка: щучка -> -+---
Подсказка: гарус -> ---^+
Подсказка: патлы -> +--^-
Подсказка: чалая -> --+--
Подсказка: рытье -> ---+-
Подсказка – принудительная победа: пульс
Новая игра Wordle
Загружено слов: 4137
Ответ (для отладки): рытье
Ход: жопка -> -----
Подсказка: метро -> -^+^-
Подсказка: фильц -> ---+-
Игровая ошибка: Слово отсутствует в словаре: рутье
Игровая ошибка: Слово отсутствует в словаре: ритье
Подсказка: рохля -> +----
Ход: рытье -> +++++
Новая игра Wordle
Загружено слов: 4137
Ответ (для отладки): кумжа
Ход: жопка -> ^--^+
Подсказка: казан -> +^---
Подсказка: пусто -> -+---
Подсказка: момме -> --+--
Ход: кумжа -> +++++
Новая игра Wordle
Загружено слов: 4137
Ответ (для отладки): трава
Ход: жопка -> ----+
Подсказка: креол -> -+---
Подсказка: турач -> +-^^-
Игровая ошибка: Слово отсутствует в словаре: тропа
Подсказка: пиано -> --+--
Ход: трава -> +++++
Новая игра Wordle
Загружено слов: 4137
Ответ (для отладки): арека
Ход: жопка -> ---++
Подсказка: драйв -> -+^--
Подсказка: ашрам -> +-^^-
Подсказка: ошеек -> --+-^
Подсказка – принудительная победа: арека
Новая игра Wordle
Загружено слов: 4137
Ответ (для отладки): лерка
Ход: жопка -> ---++
Ход: арека -> -^^++
Игровая ошибка: Слово отсутствует в словаре: релка
Подсказка: метро -> -+-^-
Подсказка: гарус -> -^+--
Игровая ошибка: Слово отсутствует в словаре: верка
Ход: лерка -> +++++
Новая игра Wordle
Загружено слов: 4137
Ответ (для отладки): грежа
Подсказка: щучка -> ----+
Подсказка: драйв -> -+^--
Подсказка: гарус -> +^^--
Подсказка: ошеек -> --+--
Подсказка: ухожь -> ---+-
Ход: жопка -> ^---+
Новая игра Wordle
Загружено слов: 4137
Ответ (для отладки): садка
Подсказка: зурна -> ----+
Подсказка: гарус -> -+--^
Подсказка: синус -> +----
Подсказка: дядек -> --+-^
Подсказка: апекс -> ^--+^
Подсказка – принудительная победа: садка
Новая игра Wordle
Загружено слов: 4137
Ответ (для отладки): палка
Ход: жопка -> --^++
Ход: гарус -> -+---
Игровая ошибка: Слово отсутствует в словаре: парка
Ход: папка -> ++-++
Подсказка: фильц -> --+--
Подсказка – принудительная победа: палка
Новая игра Wordle
Загружено слов: 4137
Ответ (для отладки): молот
Подсказка: метро -> +-^-^
Подсказка: покус -> -+---
Подсказка: чалая -> --+--
Подсказка: креол -> ---+^
Подсказка: кроат -> --^-+
Подсказка – принудительная победа: молот
